2d4e659a550b62cae312bdc1d115dc1b VALIDITY
457db2244523a3c6e82c2eda83e58c8c DATA     // SDB::sdb_dump     elapsed    0.215
457db2244523a3c6e82c2eda83e58c8c DATA     // c_qdpxx_sdb::dump elapsed    0.128
